C:\Users\Bryan J치come Tumbaco\Desktop\Nueva carpeta\proyectoprueba>copy con "Archivo.txt"
C:\Users\Bryan J치come Tumbaco\Desktop\Nueva carpeta\proyectoprueba>git status
On branch master

No commits yet

Untracked files:
  (use "git add <file>..." to include in what will be committed)
        Archivo.txt

nothing added to commit but untracked files present (use "git add" to track)
C:\Users\Bryan J치come Tumbaco\Desktop\Nueva carpeta\proyectoprueba>git add Archivo.txt 
# o git add.

C:\Users\Bryan J치come Tumbaco\Desktop\Nueva carpeta\proyectoprueba>git status
On branch master

No commits yet

Changes to be committed:
  (use "git rm --cached <file>..." to unstage)
        new file:   Archivo.txt
